#
# There is insufficient memory for the Java Runtime Environment to continue.
# Native memory allocation (malloc) failed to allocate 32744 bytes. Error detail: Chunk::new
# Possible reasons:
#   The system is out of physical RAM or swap space
#   This process is running with CompressedOops enabled, and the Java Heap may be blocking the growth of the native heap
# Possible solutions:
#   Reduce memory load on the system
#   Increase physical memory or swap space
#   Check if swap backing store is full
#   Decrease Java heap size (-Xmx/-Xms)
#   Decrease number of Java threads
#   Decrease Java thread stack sizes (-Xss)
#   Set larger code cache with -XX:ReservedCodeCacheSize=
#   JVM is running with Unscaled Compressed Oops mode in which the Java heap is
#     placed in the first 4GB address space. The Java Heap base address is the
#     maximum limit for the native heap growth. Please use -XX:HeapBaseMinAddress
#     to set the Java Heap base and to place the Java Heap above 4GB virtual address.
# This output file may be truncated or incomplete.
#
#  Out of Memory Error (arena.cpp:168), pid=2320, tid=1104
#
# JRE version: OpenJDK Runtime Environment Temurin-21.0.10+7 (21.0.10+7) (build 21.0.10+7-LTS)
# Java VM: OpenJDK 64-Bit Server VM Temurin-21.0.10+7 (21.0.10+7-LTS, mixed mode, sharing, tiered, compressed oops, compressed class ptrs, parallel gc, windows-amd64)
# No core dump will be written. Minidumps are not enabled by default on client versions of Windows
#

---------------  S U M M A R Y ------------

Command Line: --add-modules=ALL-SYSTEM --add-opens=java.base/java.util=ALL-UNNAMED --add-opens=java.base/java.lang=ALL-UNNAMED --add-opens=java.base/sun.nio.fs=ALL-UNNAMED -Declipse.application=org.eclipse.jdt.ls.core.id1 -Dosgi.bundles.defaultStartLevel=4 -Declipse.product=org.eclipse.jdt.ls.core.product -Djava.import.generatesMetadataFilesAtProjectRoot=false -DDetectVMInstallationsJob.disabled=true -Dfile.encoding=utf8 -XX:+UseParallelGC -XX:GCTimeRatio=4 -XX:AdaptiveSizePolicyWeight=90 -Dsun.zip.disableMemoryMapping=true -Xmx2G -Xms100m -Xlog:disable -javaagent:c:\Users\Usuario\.vscode\extensions\redhat.java-1.54.0-win32-x64\lombok\lombok-1.18.39-4050.jar c:\Users\Usuario\.vscode\extensions\redhat.java-1.54.0-win32-x64\server\plugins\org.eclipse.equinox.launcher_1.7.100.v20251111-0406.jar -configuration c:\Users\Usuario\AppData\Roaming\Code\User\globalStorage\redhat.java\1.54.0\config_ss_win -data c:\Users\Usuario\AppData\Roaming\Code\User\workspaceStorage\78b8b8992b25a0c56cc906a6a54d3405\redhat.java\ss_ws --pipe=\\.\pipe\lsp-97b442d0b365f4f5c9df9b10584d9236-sock

Host: Intel(R) Core(TM) i5-8300H CPU @ 2.30GHz, 8 cores, 15G,  Windows 10 , 64 bit Build 19041 (10.0.19041.5915)
Time: Wed May 13 13:56:10 2026 Hora est. Pacífico, Sudamérica elapsed time: 1.041981 seconds (0d 0h 0m 1s)

---------------  T H R E A D  ---------------

Current thread (0x0000021a19d48b50):  JavaThread "C1 CompilerThread0" daemon [_thread_in_native, id=1104, stack(0x000000cf0fd00000,0x000000cf0fe00000) (1024K)]


Current CompileTask:
C1:1042  719   !   3       java.lang.String::<init> (880 bytes)

Stack: [0x000000cf0fd00000,0x000000cf0fe00000]
Native frames: (J=compiled Java code, j=interpreted, Vv=VM code, C=native code)
V  [jvm.dll+0x6d7a39]
V  [jvm.dll+0x8b4b26]
V  [jvm.dll+0x8b70de]
V  [jvm.dll+0x8b77c3]
V  [jvm.dll+0x284346]
V  [jvm.dll+0xc66ed]
V  [jvm.dll+0xc6c31]
V  [jvm.dll+0x1417ee]
V  [jvm.dll+0x140aa7]
V  [jvm.dll+0x19c2e0]
V  [jvm.dll+0x19c746]
V  [jvm.dll+0x1573b5]
V  [jvm.dll+0x156c57]
V  [jvm.dll+0x156e84]
V  [jvm.dll+0x15629c]
V  [jvm.dll+0x15802d]
V  [jvm.dll+0x25b85d]
V  [jvm.dll+0x259dea]
V  [jvm.dll+0x3f857e]
V  [jvm.dll+0x85f59d]
V  [jvm.dll+0x6d626d]
C  [ucrtbase.dll+0x21bb2]
C  [KERNEL32.DLL+0x17374]
C  [ntdll.dll+0x4cc91]


---------------  P R O C E S S  ---------------

Threads class SMR info:
_java_thread_list=0x0000021a5c944e20, length=11, elements={
0x0000021a010875f0, 0x0000021a19d0fbb0, 0x0000021a19d11060, 0x0000021a19d146c0,
0x0000021a19d17230, 0x0000021a19d17f10, 0x0000021a19d18970, 0x0000021a19d197b0,
0x0000021a19d48b50, 0x0000021a5c814d20, 0x0000021a5c9525d0
}

Java Threads: ( => current thread )
  0x0000021a010875f0 JavaThread "main"                              [_thread_in_Java, id=22004, stack(0x000000cf0f200000,0x000000cf0f300000) (1024K)]
  0x0000021a19d0fbb0 JavaThread "Reference Handler"          daemon [_thread_blocked, id=21928, stack(0x000000cf0f600000,0x000000cf0f700000) (1024K)]
  0x0000021a19d11060 JavaThread "Finalizer"                  daemon [_thread_blocked, id=9504, stack(0x000000cf0f700000,0x000000cf0f800000) (1024K)]
  0x0000021a19d146c0 JavaThread "Signal Dispatcher"          daemon [_thread_blocked, id=17556, stack(0x000000cf0f800000,0x000000cf0f900000) (1024K)]
  0x0000021a19d17230 JavaThread "Attach Listener"            daemon [_thread_blocked, id=14560, stack(0x000000cf0f900000,0x000000cf0fa00000) (1024K)]
  0x0000021a19d17f10 JavaThread "Service Thread"             daemon [_thread_blocked, id=16344, stack(0x000000cf0fa00000,0x000000cf0fb00000) (1024K)]
  0x0000021a19d18970 JavaThread "Monitor Deflation Thread"   daemon [_thread_blocked, id=3260, stack(0x000000cf0fb00000,0x000000cf0fc00000) (1024K)]
  0x0000021a19d197b0 JavaThread "C2 CompilerThread0"         daemon [_thread_in_native, id=10484, stack(0x000000cf0fc00000,0x000000cf0fd00000) (1024K)]
=>0x0000021a19d48b50 JavaThread "C1 CompilerThread0"         daemon [_thread_in_native, id=1104, stack(0x000000cf0fd00000,0x000000cf0fe00000) (1024K)]
  0x0000021a5c814d20 JavaThread "Common-Cleaner"             daemon [_thread_blocked, id=21120, stack(0x000000cf0fe00000,0x000000cf0ff00000) (1024K)]
  0x0000021a5c9525d0 JavaThread "Notification Thread"        daemon [_thread_blocked, id=10912, stack(0x000000cf0ff00000,0x000000cf10000000) (1024K)]
Total: 11

Other Threads:
  0x0000021a03362bd0 VMThread "VM Thread"                           [id=15376, stack(0x000000cf0f500000,0x000000cf0f600000) (1024K)]
  0x0000021a0330d620 WatcherThread "VM Periodic Task Thread"        [id=1440, stack(0x000000cf0f400000,0x000000cf0f500000) (1024K)]
  0x0000021a032c17d0 WorkerThread "GC Thread#0"                     [id=6984, stack(0x000000cf0f300000,0x000000cf0f400000) (1024K)]
Total: 3

Threads with active compile tasks:
C2 CompilerThread0  1078  685       4       lombok.patcher.PatchScript::classMatches (41 bytes)
C1 CompilerThread0  1078  719   !   3       java.lang.String::<init> (880 bytes)
Total: 2

VM state: not at safepoint (normal execution)

VM Mutex/Monitor currently owned by a thread: None

Heap address: 0x0000000080000000, size: 2048 MB, Compressed Oops mode: 32-bit

CDS archive(s) mapped at: [0x0000021a1a000000-0x0000021a1aba0000-0x0000021a1aba0000), size 12189696, SharedBaseAddress: 0x0000021a1a000000, ArchiveRelocationMode: 1.
Compressed class space mapped at: 0x0000021a1b000000-0x0000021a5b000000, reserved size: 1073741824
Narrow klass base: 0x0000021a1a000000, Narrow klass shift: 0, Narrow klass range: 0x100000000

GC Precious Log:
 CardTable entry size: 512
 CPUs: 8 total, 8 available
 Memory: 16226M
 Large Page Support: Disabled
 NUMA Support: Disabled
 Compressed Oops: Enabled (32-bit)
 Alignments: Space 512K, Generation 512K, Heap 2M
 Heap Min Capacity: 100M
 Heap Initial Capacity: 100M
 Heap Max Capacity: 2G
 Pre-touch: Disabled
 Parallel Workers: 8

Heap:
 PSYoungGen      total 29696K, used 15048K [0x00000000d5580000, 0x00000000d7680000, 0x0000000100000000)
  eden space 25600K, 58% used [0x00000000d5580000,0x00000000d6432338,0x00000000d6e80000)
  from space 4096K, 0% used [0x00000000d7280000,0x00000000d7280000,0x00000000d7680000)
  to   space 4096K, 0% used [0x00000000d6e80000,0x00000000d6e80000,0x00000000d7280000)
 ParOldGen       total 68608K, used 0K [0x0000000080000000, 0x0000000084300000, 0x00000000d5580000)
  object space 68608K, 0% used [0x0000000080000000,0x0000000080000000,0x0000000084300000)
 Metaspace       used 2886K, committed 3072K, reserved 1114112K
  class space    used 299K, committed 384K, reserved 1048576K

Card table byte_map: [0x0000021a02c50000,0x0000021a03060000] _byte_map_base: 0x0000021a02850000

Marking Bits: (ParMarkBitMap*) 0x00007ffcb9883450
 Begin Bits: [0x0000021a15760000, 0x0000021a17760000)
 End Bits:   [0x0000021a17760000, 0x0000021a19760000)

Polling page: 0x0000021a01270000

Metaspace:

Usage:
  Non-class:      2.53 MB used.
      Class:    299.88 KB used.
       Both:      2.82 MB used.

Virtual space:
  Non-class space:       64.00 MB reserved,       2.62 MB (  4%) committed,  1 nodes.
      Class space:        1.00 GB reserved,     384.00 KB ( <1%) committed,  1 nodes.
             Both:        1.06 GB reserved,       3.00 MB ( <1%) committed. 

Chunk freelists:
   Non-Class:  11.65 MB
       Class:  15.67 MB
        Both:  27.32 MB

MaxMetaspaceSize: unlimited
CompressedClassSpaceSize: 1.00 GB
Initial GC threshold: 21.00 MB
Current GC threshold: 21.00 MB
CDS: on
 - commit_granule_bytes: 65536.
 - commit_granule_words: 8192.
 - virtual_space_node_default_size: 8388608.
 - enlarge_chunks_in_place: 1.
 - use_allocation_guard: 0.


Internal statistics:

num_allocs_failed_limit: 0.
num_arena_births: 82.
num_arena_deaths: 0.
num_vsnodes_births: 2.
num_vsnodes_deaths: 0.
num_space_committed: 48.
num_space_uncommitted: 0.
num_chunks_returned_to_freelist: 0.
num_chunks_taken_from_freelist: 104.
num_chunk_merges: 0.
num_chunk_splits: 73.
num_chunks_enlarged: 47.
num_inconsistent_stats: 0.

CodeHeap 'non-profiled nmethods': size=120000Kb used=255Kb max_used=255Kb free=119744Kb
 bounds [0x0000021a0df80000, 0x0000021a0e1f0000, 0x0000021a154b0000]
CodeHeap 'profiled nmethods': size=120000Kb used=1077Kb max_used=1077Kb free=118922Kb
 bounds [0x0000021a064b0000, 0x0000021a06720000, 0x0000021a0d9e0000]
CodeHeap 'non-nmethods': size=5760Kb used=1183Kb max_used=1198Kb free=4576Kb
 bounds [0x0000021a0d9e0000, 0x0000021a0dc50000, 0x0000021a0df80000]
CodeCache: size=245760Kb, used=2515Kb, max_used=2530Kb, free=243242Kb
 total_blobs=1155, nmethods=713, adapters=349, full_count=0
Compilation: enabled, stopped_count=0, restarted_count=0

Compilation events (20 events):
Event: 1.003 Thread 0x0000021a19d48b50 nmethod 708 0x0000021a065b7a10 code [0x0000021a065b7c00, 0x0000021a065b8088]
Event: 1.003 Thread 0x0000021a19d48b50  709       3       jdk.internal.misc.Unsafe::convEndian (16 bytes)
Event: 1.003 Thread 0x0000021a19d48b50 nmethod 709 0x0000021a065b8210 code [0x0000021a065b83c0, 0x0000021a065b8580]
Event: 1.003 Thread 0x0000021a19d48b50  710       3       jdk.internal.misc.Unsafe::getIntUnaligned (12 bytes)
Event: 1.003 Thread 0x0000021a19d48b50 nmethod 710 0x0000021a065b8610 code [0x0000021a065b87c0, 0x0000021a065b8a18]
Event: 1.004 Thread 0x0000021a19d48b50  711       1       java.lang.invoke.MethodHandleImpl::isCompileConstant (2 bytes)
Event: 1.004 Thread 0x0000021a19d48b50 nmethod 711 0x0000021a0dfbef10 code [0x0000021a0dfbf0a0, 0x0000021a0dfbf148]
Event: 1.004 Thread 0x0000021a19d48b50  712       3       java.lang.invoke.VarHandleGuards::guard_LI_I (78 bytes)
Event: 1.006 Thread 0x0000021a19d48b50 nmethod 712 0x0000021a065b8b10 code [0x0000021a065b8e40, 0x0000021a065ba750]
Event: 1.006 Thread 0x0000021a19d48b50  713       3       java.lang.invoke.VarHandleByteArrayAsInts$ArrayHandle::get (36 bytes)
Event: 1.007 Thread 0x0000021a19d48b50 nmethod 713 0x0000021a065baf10 code [0x0000021a065bb0e0, 0x0000021a065bb508]
Event: 1.007 Thread 0x0000021a19d48b50  714       3       java.lang.invoke.VarHandleByteArrayAsInts$ArrayHandle::index (12 bytes)
Event: 1.007 Thread 0x0000021a19d48b50 nmethod 714 0x0000021a065bb690 code [0x0000021a065bb840, 0x0000021a065bb988]
Event: 1.007 Thread 0x0000021a19d48b50  717       3       java.lang.invoke.VarHandle::accessModeType (41 bytes)
Event: 1.008 Thread 0x0000021a19d48b50 nmethod 717 0x0000021a065bba90 code [0x0000021a065bbc80, 0x0000021a065bc3b0]
Event: 1.008 Thread 0x0000021a19d48b50  716       3       java.lang.invoke.VarHandle::checkAccessModeThenIsDirect (29 bytes)
Event: 1.008 Thread 0x0000021a19d48b50 nmethod 716 0x0000021a065bc610 code [0x0000021a065bc820, 0x0000021a065bd088]
Event: 1.011 Thread 0x0000021a19d48b50  718       3       java.math.MutableBigInteger::unsignedLongCompare (20 bytes)
Event: 1.011 Thread 0x0000021a19d48b50 nmethod 718 0x0000021a065bd390 code [0x0000021a065bd520, 0x0000021a065bd690]
Event: 1.035 Thread 0x0000021a19d48b50  719   !   3       java.lang.String::<init> (880 bytes)

GC Heap History (0 events):
No events

Dll operation events (8 events):
Event: 0.029 Loaded shared library c:\Users\Usuario\.vscode\extensions\redhat.java-1.54.0-win32-x64\jre\21.0.10-win32-x86_64\bin\java.dll
Event: 0.191 Loaded shared library c:\Users\Usuario\.vscode\extensions\redhat.java-1.54.0-win32-x64\jre\21.0.10-win32-x86_64\bin\zip.dll
Event: 0.226 Loaded shared library C:\Users\Usuario\.vscode\extensions\redhat.java-1.54.0-win32-x64\jre\21.0.10-win32-x86_64\bin\instrument.dll
Event: 0.235 Loaded shared library C:\Users\Usuario\.vscode\extensions\redhat.java-1.54.0-win32-x64\jre\21.0.10-win32-x86_64\bin\net.dll
Event: 0.240 Loaded shared library C:\Users\Usuario\.vscode\extensions\redhat.java-1.54.0-win32-x64\jre\21.0.10-win32-x86_64\bin\nio.dll
Event: 0.245 Loaded shared library C:\Users\Usuario\.vscode\extensions\redhat.java-1.54.0-win32-x64\jre\21.0.10-win32-x86_64\bin\zip.dll
Event: 0.285 Loaded shared library C:\Users\Usuario\.vscode\extensions\redhat.java-1.54.0-win32-x64\jre\21.0.10-win32-x86_64\bin\jimage.dll
Event: 0.432 Loaded shared library c:\Users\Usuario\.vscode\extensions\redhat.java-1.54.0-win32-x64\jre\21.0.10-win32-x86_64\bin\verify.dll

Deoptimization events (20 events):
Event: 0.966 Thread 0x0000021a010875f0 Uncommon trap: trap_request=0xffffffde fr.pc=0x0000021a0dfb725c relative=0x000000000000013c
Event: 0.966 Thread 0x0000021a010875f0 Uncommon trap: reason=class_check action=maybe_recompile pc=0x0000021a0dfb725c method=jdk.internal.misc.Unsafe.allocateUninitializedArray(Ljava/lang/Class;I)Ljava/lang/Object; @ 51 c2
Event: 0.966 Thread 0x0000021a010875f0 DEOPT PACKING pc=0x0000021a0dfb725c sp=0x000000cf0f2fd6c0
Event: 0.966 Thread 0x0000021a010875f0 DEOPT UNPACKING pc=0x0000021a0da33aa2 sp=0x000000cf0f2fd650 mode 2
Event: 0.998 Thread 0x0000021a010875f0 Uncommon trap: trap_request=0xffffffde fr.pc=0x0000021a0dfb725c relative=0x000000000000013c
Event: 0.998 Thread 0x0000021a010875f0 Uncommon trap: reason=class_check action=maybe_recompile pc=0x0000021a0dfb725c method=jdk.internal.misc.Unsafe.allocateUninitializedArray(Ljava/lang/Class;I)Ljava/lang/Object; @ 51 c2
Event: 0.998 Thread 0x0000021a010875f0 DEOPT PACKING pc=0x0000021a0dfb725c sp=0x000000cf0f2fd860
Event: 0.998 Thread 0x0000021a010875f0 DEOPT UNPACKING pc=0x0000021a0da33aa2 sp=0x000000cf0f2fd7f0 mode 2
Event: 0.999 Thread 0x0000021a010875f0 Uncommon trap: trap_request=0xffffffde fr.pc=0x0000021a0dfb725c relative=0x000000000000013c
Event: 0.999 Thread 0x0000021a010875f0 Uncommon trap: reason=class_check action=maybe_recompile pc=0x0000021a0dfb725c method=jdk.internal.misc.Unsafe.allocateUninitializedArray(Ljava/lang/Class;I)Ljava/lang/Object; @ 51 c2
Event: 0.999 Thread 0x0000021a010875f0 DEOPT PACKING pc=0x0000021a0dfb725c sp=0x000000cf0f2fd860
Event: 0.999 Thread 0x0000021a010875f0 DEOPT UNPACKING pc=0x0000021a0da33aa2 sp=0x000000cf0f2fd7f0 mode 2
Event: 1.003 Thread 0x0000021a010875f0 Uncommon trap: trap_request=0xffffffde fr.pc=0x0000021a0dfaff20 relative=0x0000000000000940
Event: 1.003 Thread 0x0000021a010875f0 Uncommon trap: reason=class_check action=maybe_recompile pc=0x0000021a0dfaff20 method=java.util.HashMap.putVal(ILjava/lang/Object;Ljava/lang/Object;ZZ)Ljava/lang/Object; @ 91 c2
Event: 1.003 Thread 0x0000021a010875f0 DEOPT PACKING pc=0x0000021a0dfaff20 sp=0x000000cf0f2fdb30
Event: 1.003 Thread 0x0000021a010875f0 DEOPT UNPACKING pc=0x0000021a0da33aa2 sp=0x000000cf0f2fdaf0 mode 2
Event: 1.003 Thread 0x0000021a010875f0 Uncommon trap: trap_request=0xffffffde fr.pc=0x0000021a0dfaff20 relative=0x0000000000000940
Event: 1.003 Thread 0x0000021a010875f0 Uncommon trap: reason=class_check action=maybe_recompile pc=0x0000021a0dfaff20 method=java.util.HashMap.putVal(ILjava/lang/Object;Ljava/lang/Object;ZZ)Ljava/lang/Object; @ 91 c2
Event: 1.003 Thread 0x0000021a010875f0 DEOPT PACKING pc=0x0000021a0dfaff20 sp=0x000000cf0f2fdc50
Event: 1.003 Thread 0x0000021a010875f0 DEOPT UNPACKING pc=0x0000021a0da33aa2 sp=0x000000cf0f2fdbe0 mode 2

Classes loaded (20 events):
Event: 1.000 Loading class sun/security/timestamp/TimestampToken
Event: 1.001 Loading class sun/security/timestamp/TimestampToken done
Event: 1.003 Loading class java/security/Timestamp
Event: 1.003 Loading class java/security/Timestamp done
Event: 1.035 Loading class java/security/CodeSigner
Event: 1.036 Loading class java/security/CodeSigner done
Event: 1.036 Loading class sun/security/util/JarConstraintsParameters
Event: 1.036 Loading class sun/security/util/ConstraintsParameters
Event: 1.036 Loading class sun/security/util/ConstraintsParameters done
Event: 1.036 Loading class sun/security/util/JarConstraintsParameters done
Event: 1.037 Loading class java/security/interfaces/ECKey
Event: 1.037 Loading class java/security/interfaces/ECKey done
Event: 1.037 Loading class java/security/interfaces/XECKey
Event: 1.037 Loading class java/security/interfaces/XECKey done
Event: 1.038 Loading class sun/security/util/KeyUtil
Event: 1.038 Loading class sun/security/util/KeyUtil done
Event: 1.038 Loading class sun/security/util/Length
Event: 1.038 Loading class sun/security/util/Length done
Event: 1.038 Loading class javax/crypto/SecretKey
Event: 1.039 Loading class javax/crypto/SecretKey done

Classes unloaded (0 events):
No events

Classes redefined (0 events):
No events

Internal exceptions (12 events):
Event: 0.182 Thread 0x0000021a010875f0 Exception <a 'java/lang/NoSuchMethodError'{0x00000000d57a9318}: 'void java.lang.invoke.DirectMethodHandle$Holder.invokeStatic(java.lang.Object, java.lang.Object, java.lang.Object)'> (0x00000000d57a9318) 
thrown [s\src\hotspot\share\interpreter\linkResolver.cpp, line 773]
Event: 0.272 Thread 0x0000021a010875f0 Exception <a 'java/lang/NoSuchMethodError'{0x00000000d59125b8}: 'java.lang.Object java.lang.invoke.Invokers$Holder.invokeExact_MT(java.lang.Object, java.lang.Object, java.lang.Object, java.lang.Object, java.lang.Object)'> (0x00000000d59125b8) 
thrown [s\src\hotspot\share\interpreter\linkResolver.cpp, line 773]
Event: 0.356 Thread 0x0000021a010875f0 Exception <a 'java/lang/NoSuchMethodError'{0x00000000d59ca2e0}: 'int java.lang.invoke.DirectMethodHandle$Holder.invokeSpecial(java.lang.Object, java.lang.Object, java.lang.Object, int)'> (0x00000000d59ca2e0) 
thrown [s\src\hotspot\share\interpreter\linkResolver.cpp, line 773]
Event: 0.361 Thread 0x0000021a010875f0 Exception <a 'java/lang/NoSuchMethodError'{0x00000000d59dccc8}: 'java.lang.Object java.lang.invoke.DirectMethodHandle$Holder.invokeStatic(java.lang.Object, java.lang.Object, java.lang.Object, java.lang.Object, int)'> (0x00000000d59dccc8) 
thrown [s\src\hotspot\share\interpreter\linkResolver.cpp, line 773]
Event: 0.364 Thread 0x0000021a010875f0 Exception <a 'java/lang/NoSuchMethodError'{0x00000000d59e8170}: 'void java.lang.invoke.DelegatingMethodHandle$Holder.reinvoke_L(java.lang.Object, java.lang.Object, java.lang.Object, int, java.lang.Object)'> (0x00000000d59e8170) 
thrown [s\src\hotspot\share\interpreter\linkResolver.cpp, line 773]
Event: 0.370 Thread 0x0000021a010875f0 Exception <a 'java/lang/NoSuchMethodError'{0x00000000d59f8c68}: 'int java.lang.invoke.DirectMethodHandle$Holder.invokeSpecial(java.lang.Object, java.lang.Object, java.lang.Object)'> (0x00000000d59f8c68) 
thrown [s\src\hotspot\share\interpreter\linkResolver.cpp, line 773]
Event: 0.374 Thread 0x0000021a010875f0 Exception <a 'java/lang/NoSuchMethodError'{0x00000000d5a04928}: 'java.lang.Object java.lang.invoke.DirectMethodHandle$Holder.invokeStatic(java.lang.Object, java.lang.Object, int)'> (0x00000000d5a04928) 
thrown [s\src\hotspot\share\interpreter\linkResolver.cpp, line 773]
Event: 0.376 Thread 0x0000021a010875f0 Exception <a 'java/lang/NoSuchMethodError'{0x00000000d5a09278}: 'void java.lang.invoke.DirectMethodHandle$Holder.invokeStatic(java.lang.Object, java.lang.Object, int, java.lang.Object)'> (0x00000000d5a09278) 
thrown [s\src\hotspot\share\interpreter\linkResolver.cpp, line 773]
Event: 0.377 Thread 0x0000021a010875f0 Exception <a 'java/lang/NoSuchMethodError'{0x00000000d5a0ce08}: 'void java.lang.invoke.DirectMethodHandle$Holder.invokeSpecial(java.lang.Object, java.lang.Object, java.lang.Object, int, java.lang.Object)'> (0x00000000d5a0ce08) 
thrown [s\src\hotspot\share\interpreter\linkResolver.cpp, line 773]
Event: 0.378 Thread 0x0000021a010875f0 Exception <a 'java/lang/NoSuchMethodError'{0x00000000d5a10278}: 'void java.lang.invoke.DelegatingMethodHandle$Holder.delegate(java.lang.Object, java.lang.Object, int, java.lang.Object)'> (0x00000000d5a10278) 
thrown [s\src\hotspot\share\interpreter\linkResolver.cpp, line 773]
Event: 0.470 Thread 0x0000021a010875f0 Exception <a 'java/lang/NoSuchMethodError'{0x00000000d5bd12b8}: 'void java.lang.invoke.DelegatingMethodHandle$Holder.reinvoke_L(java.lang.Object, java.lang.Object, java.lang.Object, int)'> (0x00000000d5bd12b8) 
thrown [s\src\hotspot\share\interpreter\linkResolver.cpp, line 773]
Event: 0.823 Thread 0x0000021a010875f0 Exception <a 'java/lang/NoSuchMethodError'{0x00000000d605cf38}: 'void java.lang.invoke.DirectMethodHandle$Holder.invokeVirtual(java.lang.Object, java.lang.Object)'> (0x00000000d605cf38) 
thrown [s\src\hotspot\share\interpreter\linkResolver.cpp, line 773]

ZGC Phase Switch (0 events):
No events

VM Operations (6 events):
Event: 0.189 Executing non-safepoint VM operation: HandshakeAllThreads (Deoptimize)
Event: 0.189 Executing non-safepoint VM operation: HandshakeAllThreads (Deoptimize) done
Event: 0.314 Executing non-safepoint VM operation: HandshakeAllThreads (Deoptimize)
Event: 0.314 Executing non-safepoint VM operation: HandshakeAllThreads (Deoptimize) done
Event: 1.039 Executing non-safepoint VM operation: HandshakeAllThreads (Deoptimize)
Event: 1.039 Executing non-safepoint VM operation: HandshakeAllThreads (Deoptimize) done

Memory protections (0 events):
No events

Nmethod flushes (0 events):
No events

Events (11 events):
Event: 0.051 Thread 0x0000021a010875f0 Thread added: 0x0000021a010875f0
Event: 0.078 Thread 0x0000021a010875f0 Thread added: 0x0000021a19d0fbb0
Event: 0.078 Thread 0x0000021a010875f0 Thread added: 0x0000021a19d11060
Event: 0.079 Thread 0x0000021a010875f0 Thread added: 0x0000021a19d146c0
Event: 0.079 Thread 0x0000021a010875f0 Thread added: 0x0000021a19d17230
Event: 0.079 Thread 0x0000021a010875f0 Thread added: 0x0000021a19d17f10
Event: 0.079 Thread 0x0000021a010875f0 Thread added: 0x0000021a19d18970
Event: 0.079 Thread 0x0000021a010875f0 Thread added: 0x0000021a19d197b0
Event: 0.080 Thread 0x0000021a010875f0 Thread added: 0x0000021a19d48b50
Event: 0.229 Thread 0x0000021a010875f0 Thread added: 0x0000021a5c814d20
Event: 0.631 Thread 0x0000021a010875f0 Thread added: 0x0000021a5c9525d0


Dynamic libraries:
0x00007ff639750000 - 0x00007ff63975e000 	c:\Users\Usuario\.vscode\extensions\redhat.java-1.54.0-win32-x64\jre\21.0.10-win32-x86_64\bin\java.exe
0x00007ffd4e5d0000 - 0x00007ffd4e7c8000 	C:\Windows\SYSTEM32\ntdll.dll
0x00007ffd4e4c0000 - 0x00007ffd4e582000 	C:\Windows\System32\KERNEL32.DLL
0x00007ffd4bce0000 - 0x00007ffd4bfd6000 	C:\Windows\System32\KERNELBASE.dll
0x00007ffd4c270000 - 0x00007ffd4c370000 	C:\Windows\System32\ucrtbase.dll
0x00007ffd31590000 - 0x00007ffd315a8000 	c:\Users\Usuario\.vscode\extensions\redhat.java-1.54.0-win32-x64\jre\21.0.10-win32-x86_64\bin\jli.dll
0x00007ffd4cb90000 - 0x00007ffd4cd31000 	C:\Windows\System32\USER32.dll
0x00007ffd4bc60000 - 0x00007ffd4bc82000 	C:\Windows\System32\win32u.dll
0x00007ffd4e430000 - 0x00007ffd4e45b000 	C:\Windows\System32\GDI32.dll
0x00007ffd4c3a0000 - 0x00007ffd4c4b9000 	C:\Windows\System32\gdi32full.dll
0x00007ffd4c140000 - 0x00007ffd4c1dd000 	C:\Windows\System32\msvcp_win.dll
0x00007ffd33050000 - 0x00007ffd332eb000 	C:\Windows\WinSxS\amd64_microsoft.windows.common-controls_6595b64144ccf1df_6.0.19041.6456_none_60b8a6cb71f64256\COMCTL32.dll
0x00007ffd25b40000 - 0x00007ffd25b5e000 	c:\Users\Usuario\.vscode\extensions\redhat.java-1.54.0-win32-x64\jre\21.0.10-win32-x86_64\bin\VCRUNTIME140.dll
0x00007ffd4d120000 - 0x00007ffd4d1be000 	C:\Windows\System32\msvcrt.dll
0x00007ffd4c5f0000 - 0x00007ffd4c61f000 	C:\Windows\System32\IMM32.DLL
0x00007ffd47810000 - 0x00007ffd4781c000 	c:\Users\Usuario\.vscode\extensions\redhat.java-1.54.0-win32-x64\jre\21.0.10-win32-x86_64\bin\vcruntime140_1.dll
0x00007ffd12cc0000 - 0x00007ffd12d4d000 	c:\Users\Usuario\.vscode\extensions\redhat.java-1.54.0-win32-x64\jre\21.0.10-win32-x86_64\bin\msvcp140.dll
0x00007ffcb8bc0000 - 0x00007ffcb9961000 	c:\Users\Usuario\.vscode\extensions\redhat.java-1.54.0-win32-x64\jre\21.0.10-win32-x86_64\bin\server\jvm.dll
0x00007ffd4cd50000 - 0x00007ffd4ce01000 	C:\Windows\System32\ADVAPI32.dll
0x00007ffd4d1c0000 - 0x00007ffd4d25f000 	C:\Windows\System32\sechost.dll
0x00007ffd4ce10000 - 0x00007ffd4cf30000 	C:\Windows\System32\RPCRT4.dll
0x00007ffd4c370000 - 0x00007ffd4c397000 	C:\Windows\System32\bcrypt.dll
0x00007ffd4cf30000 - 0x00007ffd4cf9b000 	C:\Windows\System32\WS2_32.dll
0x00007ffd4b1b0000 - 0x00007ffd4b1fb000 	C:\Windows\SYSTEM32\POWRPROF.dll
0x00007ffd3fb80000 - 0x00007ffd3fba7000 	C:\Windows\SYSTEM32\WINMM.dll
0x00007ffd43e40000 - 0x00007ffd43e4a000 	C:\Windows\SYSTEM32\VERSION.dll
0x00007ffd4b020000 - 0x00007ffd4b032000 	C:\Windows\SYSTEM32\UMPDC.dll
0x00007ffd49a90000 - 0x00007ffd49aa2000 	C:\Windows\SYSTEM32\kernel.appcore.dll
0x00007ffd32000000 - 0x00007ffd3200a000 	c:\Users\Usuario\.vscode\extensions\redhat.java-1.54.0-win32-x64\jre\21.0.10-win32-x86_64\bin\jimage.dll
0x00007ffd3e290000 - 0x00007ffd3e491000 	C:\Windows\SYSTEM32\DBGHELP.DLL
0x00007ffd31d40000 - 0x00007ffd31d74000 	C:\Windows\SYSTEM32\dbgcore.DLL
0x00007ffd4c1e0000 - 0x00007ffd4c262000 	C:\Windows\System32\bcryptPrimitives.dll
0x00007ffd31750000 - 0x00007ffd3175f000 	c:\Users\Usuario\.vscode\extensions\redhat.java-1.54.0-win32-x64\jre\21.0.10-win32-x86_64\bin\instrument.dll
0x00007ffd17f20000 - 0x00007ffd17f40000 	c:\Users\Usuario\.vscode\extensions\redhat.java-1.54.0-win32-x64\jre\21.0.10-win32-x86_64\bin\java.dll
0x00007ffd4d320000 - 0x00007ffd4da90000 	C:\Windows\System32\SHELL32.dll
0x00007ffd49c90000 - 0x00007ffd4a435000 	C:\Windows\SYSTEM32\windows.storage.dll
0x00007ffd4dbd0000 - 0x00007ffd4df24000 	C:\Windows\System32\combase.dll
0x00007ffd4b690000 - 0x00007ffd4b6bb000 	C:\Windows\SYSTEM32\Wldp.dll
0x00007ffd4c6a0000 - 0x00007ffd4c76d000 	C:\Windows\System32\OLEAUT32.dll
0x00007ffd4d270000 - 0x00007ffd4d31d000 	C:\Windows\System32\SHCORE.dll
0x00007ffd4c620000 - 0x00007ffd4c67b000 	C:\Windows\System32\shlwapi.dll
0x00007ffd4bb90000 - 0x00007ffd4bbb4000 	C:\Windows\SYSTEM32\profapi.dll
0x00007ffd17f00000 - 0x00007ffd17f18000 	c:\Users\Usuario\.vscode\extensions\redhat.java-1.54.0-win32-x64\jre\21.0.10-win32-x86_64\bin\zip.dll
0x00007ffd2bfe0000 - 0x00007ffd2bff0000 	C:\Users\Usuario\.vscode\extensions\redhat.java-1.54.0-win32-x64\jre\21.0.10-win32-x86_64\bin\net.dll
0x00007ffd45dd0000 - 0x00007ffd45eda000 	C:\Windows\SYSTEM32\WINHTTP.dll
0x00007ffd4b3a0000 - 0x00007ffd4b40a000 	C:\Windows\system32\mswsock.dll
0x00007ffd16ff0000 - 0x00007ffd17006000 	C:\Users\Usuario\.vscode\extensions\redhat.java-1.54.0-win32-x64\jre\21.0.10-win32-x86_64\bin\nio.dll
0x00007ffd2bf40000 - 0x00007ffd2bf50000 	c:\Users\Usuario\.vscode\extensions\redhat.java-1.54.0-win32-x64\jre\21.0.10-win32-x86_64\bin\verify.dll

JVMTI agents:
c:\Users\Usuario\.vscode\extensions\redhat.java-1.54.0-win32-x64\lombok\lombok-1.18.39-4050.jar path:c:\Users\Usuario\.vscode\extensions\redhat.java-1.54.0-win32-x64\jre\21.0.10-win32-x86_64\bin\instrument.dll, loaded, initialized, instrumentlib options:none

dbghelp: loaded successfully - version: 4.0.5 - missing functions: none
symbol engine: initialized successfully - sym options: 0x614 - pdb path: .;c:\Users\Usuario\.vscode\extensions\redhat.java-1.54.0-win32-x64\jre\21.0.10-win32-x86_64\bin;C:\Windows\SYSTEM32;C:\Windows\WinSxS\amd64_microsoft.windows.common-controls_6595b64144ccf1df_6.0.19041.6456_none_60b8a6cb71f64256;c:\Users\Usuario\.vscode\extensions\redhat.java-1.54.0-win32-x64\jre\21.0.10-win32-x86_64\bin\server

VM Arguments:
jvm_args: --add-modules=ALL-SYSTEM --add-opens=java.base/java.util=ALL-UNNAMED --add-opens=java.base/java.lang=ALL-UNNAMED --add-opens=java.base/sun.nio.fs=ALL-UNNAMED -Declipse.application=org.eclipse.jdt.ls.core.id1 -Dosgi.bundles.defaultStartLevel=4 -Declipse.product=org.eclipse.jdt.ls.core.product -Djava.import.generatesMetadataFilesAtProjectRoot=false -DDetectVMInstallationsJob.disabled=true -Dfile.encoding=utf8 -XX:+UseParallelGC -XX:GCTimeRatio=4 -XX:AdaptiveSizePolicyWeight=90 -Dsun.zip.disableMemoryMapping=true -Xmx2G -Xms100m -Xlog:disable -javaagent:c:\Users\Usuario\.vscode\extensions\redhat.java-1.54.0-win32-x64\lombok\lombok-1.18.39-4050.jar 
java_command: c:\Users\Usuario\.vscode\extensions\redhat.java-1.54.0-win32-x64\server\plugins\org.eclipse.equinox.launcher_1.7.100.v20251111-0406.jar -configuration c:\Users\Usuario\AppData\Roaming\Code\User\globalStorage\redhat.java\1.54.0\config_ss_win -data c:\Users\Usuario\AppData\Roaming\Code\User\workspaceStorage\78b8b8992b25a0c56cc906a6a54d3405\redhat.java\ss_ws --pipe=\\.\pipe\lsp-97b442d0b365f4f5c9df9b10584d9236-sock
java_class_path (initial): c:\Users\Usuario\.vscode\extensions\redhat.java-1.54.0-win32-x64\server\plugins\org.eclipse.equinox.launcher_1.7.100.v20251111-0406.jar
Launcher Type: SUN_STANDARD

[Global flags]
    uintx AdaptiveSizePolicyWeight                 = 90                                        {product} {command line}
     intx CICompilerCount                          = 4                                         {product} {ergonomic}
    uintx GCTimeRatio                              = 4                                         {product} {command line}
   size_t InitialHeapSize                          = 104857600                                 {product} {command line}
   size_t MaxHeapSize                              = 2147483648                                {product} {command line}
   size_t MaxNewSize                               = 715653120                                 {product} {ergonomic}
   size_t MinHeapDeltaBytes                        = 524288                                    {product} {ergonomic}
   size_t MinHeapSize                              = 104857600                                 {product} {command line}
   size_t NewSize                                  = 34603008                                  {product} {ergonomic}
    uintx NonNMethodCodeHeapSize                   = 5839372                                {pd product} {ergonomic}
    uintx NonProfiledCodeHeapSize                  = 122909434                              {pd product} {ergonomic}
   size_t OldSize                                  = 70254592                                  {product} {ergonomic}
    uintx ProfiledCodeHeapSize                     = 122909434                              {pd product} {ergonomic}
    uintx ReservedCodeCacheSize                    = 251658240                              {pd product} {ergonomic}
     bool SegmentedCodeCache                       = true                                      {product} {ergonomic}
   size_t SoftMaxHeapSize                          = 2147483648                             {manageable} {ergonomic}
     bool UseCompressedOops                        = true                           {product lp64_product} {ergonomic}
     bool UseLargePagesIndividualAllocation        = false                                  {pd product} {ergonomic}
     bool UseParallelGC                            = true                                      {product} {command line}

Logging:
Log output configuration:
 #0: stdout all=off uptime,level,tags foldmultilines=false
 #1: stderr all=off uptime,level,tags foldmultilines=false

Release file:
JAVA_VERSION="21.0.10" 
MODULES="java.base java.compiler java.datatransfer java.xml java.prefs java.desktop java.instrument java.logging java.management java.security.sasl java.naming java.rmi java.management.rmi java.net.http java.scripting java.security.jgss java.transaction.xa java.sql java.sql.rowset java.xml.crypto java.se java.smartcardio jdk.accessibility jdk.internal.jvmstat jdk.attach jdk.charsets jdk.internal.opt jdk.zipfs jdk.compiler jdk.crypto.ec jdk.crypto.cryptoki jdk.crypto.mscapi jdk.dynalink jdk.internal.ed jdk.editpad jdk.hotspot.agent jdk.httpserver jdk.internal.le jdk.internal.vm.ci jdk.internal.vm.compiler jdk.internal.vm.compiler.management jdk.jartool jdk.javadoc jdk.jcmd jdk.management jdk.management.agent jdk.jconsole jdk.jdeps jdk.jdwp.agent jdk.jdi jdk.jfr jdk.jshell jdk.jsobject jdk.jstatd jdk.localedata jdk.management.jfr jdk.naming.dns jdk.naming.rmi jdk.net jdk.nio.mapmode jdk.random jdk.sctp jdk.security.auth jdk.security.jgss jdk.unsupported jdk.unsupported.desktop jdk.xml.dom" 

Environment Variables:
JAVA_HOME=C:\Program Files\Java\jdk-21
PATH=C:\Users\Usuario\AppData\Local\Programs\Microsoft VS Code;C:\Program Files\Java\jdk-21\bin;D:\app\Usuario\product\21c\dbhomeXE\bin;C:\Python312\Scripts\;C:\Python312\;C:\Program Files\Common Files\Oracle\Java\javapath;C:\Program Files (x86)\Intel\Intel(R) Management Engine Components\iCLS\;C:\Program Files\Intel\Intel(R) Management Engine Components\iCLS\;C:\Windows\system32;C:\Windows;C:\Windows\System32\Wbem;C:\Windows\System32\WindowsPowerShell\v1.0\;C:\Windows\System32\OpenSSH\;C:\Program Files (x86)\Intel\Intel(R) Management Engine Components\DAL;C:\Program Files\Intel\Intel(R) Management Engine Components\DAL;C:\Program Files (x86)\Intel\Intel(R) Management Engine Components\IPT;C:\Program Files\Intel\Intel(R) Management Engine Components\IPT;C:\Program Files (x86)\NVIDIA Corporation\PhysX\Common;C:\ProgramData\chocolatey\bin;C:\Program Files\Microsoft SQL Server\150\Tools\Binn\;D:\Program Files\nodejs\;C:\Program Files\Git\cmd;C:\apache-maven-3.9.9\bin;C:\Program Files (x86)\cloudflared\;C:\Program Files\NVIDIA Corporation\NVIDIA App\NvDLISR;C:\Program Files\Java\jdk-21\bin;C:\Users\Usuario\AppData\Local\Microsoft\WindowsApps;C:\Users\Usuario\AppData\Local\GitHubDesktop\bin;C:\Users\Usuario\AppData\Roaming\npm;D:\Program Files\JetBrains\IntelliJ IDEA Community Edition 2024.2.1\bin;;C:\Users\Usuario\AppData\Local\Programs\Microsoft VS Code\bin
USERNAME=Usuario
OS=Windows_NT
PROCESSOR_IDENTIFIER=Intel64 Family 6 Model 158 Stepping 10, GenuineIntel
TMP=C:\Users\Usuario\AppData\Local\Temp
TEMP=C:\Users\Usuario\AppData\Local\Temp




Periodic native trim disabled

---------------  S Y S T E M  ---------------

OS:
 Windows 10 , 64 bit Build 19041 (10.0.19041.5915)
OS uptime: 0 days 4:55 hours
Hyper-V role detected

CPU: total 8 (initial active 8) (4 cores per cpu, 2 threads per core) family 6 model 158 stepping 10 microcode 0xb4, cx8, cmov, fxsr, ht, mmx, 3dnowpref, sse, sse2, sse3, ssse3, sse4.1, sse4.2, popcnt, lzcnt, tsc, tscinvbit, avx, avx2, aes, erms, clmul, bmi1, bmi2, adx, fma, vzeroupper, clflush, clflushopt, hv, rdtscp, f16c
Processor Information for the first 8 processors :
  Max Mhz: 2304, Current Mhz: 2203, Mhz Limit: 2304

Memory: 4k page, system-wide physical 16226M (75M free)
TotalPageFile size 31226M (AvailPageFile size 34M)
current process WorkingSet (physical memory assigned to process): 58M, peak: 58M
current process commit charge ("private bytes"): 229M, peak: 230M

vm_info: OpenJDK 64-Bit Server VM (21.0.10+7-LTS) for windows-amd64 JRE (21.0.10+7-LTS), built on 2026-01-20T00:00:00Z by "admin" with MS VC++ 17.12 (VS2022)

END.
